➤ YN0036: Calling the "prepack" lifecycle script
➤ YN0000: CHANGELOG.md
➤ YN0000: LICENSE
➤ YN0000: README.md
➤ YN0000: WAProto/GenerateStatics.sh
➤ YN0000: WAProto/WAProto.proto
➤ YN0000: WAProto/fix-imports.js
➤ YN0000: WAProto/index.d.ts
➤ YN0000: WAProto/index.js
➤ YN0000: engine-requirements.js
➤ YN0000: lib/Defaults/index.d.ts
➤ YN0000: lib/Defaults/index.d.ts.map
➤ YN0000: lib/Defaults/index.js
➤ YN0000: lib/Defaults/index.js.map
➤ YN0000: lib/Signal/Group/ciphertext-message.d.ts
➤ YN0000: lib/Signal/Group/ciphertext-message.d.ts.map
➤ YN0000: lib/Signal/Group/ciphertext-message.js
➤ YN0000: lib/Signal/Group/ciphertext-message.js.map
➤ YN0000: lib/Signal/Group/group-session-builder.d.ts
➤ YN0000: lib/Signal/Group/group-session-builder.d.ts.map
➤ YN0000: lib/Signal/Group/group-session-builder.js
➤ YN0000: lib/Signal/Group/group-session-builder.js.map
➤ YN0000: lib/Signal/Group/group_cipher.d.ts
➤ YN0000: lib/Signal/Group/group_cipher.d.ts.map
➤ YN0000: lib/Signal/Group/group_cipher.js
➤ YN0000: lib/Signal/Group/group_cipher.js.map
➤ YN0000: lib/Signal/Group/index.d.ts
➤ YN0000: lib/Signal/Group/index.d.ts.map
➤ YN0000: lib/Signal/Group/index.js
➤ YN0000: lib/Signal/Group/index.js.map
➤ YN0000: lib/Signal/Group/keyhelper.d.ts
➤ YN0000: lib/Signal/Group/keyhelper.d.ts.map
➤ YN0000: lib/Signal/Group/keyhelper.js
➤ YN0000: lib/Signal/Group/keyhelper.js.map
➤ YN0000: lib/Signal/Group/sender-chain-key.d.ts
➤ YN0000: lib/Signal/Group/sender-chain-key.d.ts.map
➤ YN0000: lib/Signal/Group/sender-chain-key.js
➤ YN0000: lib/Signal/Group/sender-chain-key.js.map
➤ YN0000: lib/Signal/Group/sender-key-distribution-message.d.ts
➤ YN0000: lib/Signal/Group/sender-key-distribution-message.d.ts.map
➤ YN0000: lib/Signal/Group/sender-key-distribution-message.js
➤ YN0000: lib/Signal/Group/sender-key-distribution-message.js.map
➤ YN0000: lib/Signal/Group/sender-key-message.d.ts
➤ YN0000: lib/Signal/Group/sender-key-message.d.ts.map
➤ YN0000: lib/Signal/Group/sender-key-message.js
➤ YN0000: lib/Signal/Group/sender-key-message.js.map
➤ YN0000: lib/Signal/Group/sender-key-name.d.ts
➤ YN0000: lib/Signal/Group/sender-key-name.d.ts.map
➤ YN0000: lib/Signal/Group/sender-key-name.js
➤ YN0000: lib/Signal/Group/sender-key-name.js.map
➤ YN0000: lib/Signal/Group/sender-key-record.d.ts
➤ YN0000: lib/Signal/Group/sender-key-record.d.ts.map
➤ YN0000: lib/Signal/Group/sender-key-record.js
➤ YN0000: lib/Signal/Group/sender-key-record.js.map
➤ YN0000: lib/Signal/Group/sender-key-state.d.ts
➤ YN0000: lib/Signal/Group/sender-key-state.d.ts.map
➤ YN0000: lib/Signal/Group/sender-key-state.js
➤ YN0000: lib/Signal/Group/sender-key-state.js.map
➤ YN0000: lib/Signal/Group/sender-message-key.d.ts
➤ YN0000: lib/Signal/Group/sender-message-key.d.ts.map
➤ YN0000: lib/Signal/Group/sender-message-key.js
➤ YN0000: lib/Signal/Group/sender-message-key.js.map
➤ YN0000: lib/Signal/libsignal.d.ts
➤ YN0000: lib/Signal/libsignal.d.ts.map
➤ YN0000: lib/Signal/libsignal.js
➤ YN0000: lib/Signal/libsignal.js.map
➤ YN0000: lib/Signal/lid-mapping.d.ts
➤ YN0000: lib/Signal/lid-mapping.d.ts.map
➤ YN0000: lib/Signal/lid-mapping.js
➤ YN0000: lib/Signal/lid-mapping.js.map
➤ YN0000: lib/Socket/Client/index.d.ts
➤ YN0000: lib/Socket/Client/index.d.ts.map
➤ YN0000: lib/Socket/Client/index.js
➤ YN0000: lib/Socket/Client/index.js.map
➤ YN0000: lib/Socket/Client/types.d.ts
➤ YN0000: lib/Socket/Client/types.d.ts.map
➤ YN0000: lib/Socket/Client/types.js
➤ YN0000: lib/Socket/Client/types.js.map
➤ YN0000: lib/Socket/Client/websocket.d.ts
➤ YN0000: lib/Socket/Client/websocket.d.ts.map
➤ YN0000: lib/Socket/Client/websocket.js
➤ YN0000: lib/Socket/Client/websocket.js.map
➤ YN0000: lib/Socket/business.d.ts
➤ YN0000: lib/Socket/business.d.ts.map
➤ YN0000: lib/Socket/business.js
➤ YN0000: lib/Socket/business.js.map
➤ YN0000: lib/Socket/chats.d.ts
➤ YN0000: lib/Socket/chats.d.ts.map
➤ YN0000: lib/Socket/chats.js
➤ YN0000: lib/Socket/chats.js.map
➤ YN0000: lib/Socket/communities.d.ts
➤ YN0000: lib/Socket/communities.d.ts.map
➤ YN0000: lib/Socket/communities.js
➤ YN0000: lib/Socket/communities.js.map
➤ YN0000: lib/Socket/groups.d.ts
➤ YN0000: lib/Socket/groups.d.ts.map
➤ YN0000: lib/Socket/groups.js
➤ YN0000: lib/Socket/groups.js.map
➤ YN0000: lib/Socket/index.d.ts
➤ YN0000: lib/Socket/index.d.ts.map
➤ YN0000: lib/Socket/index.js
➤ YN0000: lib/Socket/index.js.map
➤ YN0000: lib/Socket/messages-recv.d.ts
➤ YN0000: lib/Socket/messages-recv.d.ts.map
➤ YN0000: lib/Socket/messages-recv.js
➤ YN0000: lib/Socket/messages-recv.js.map
➤ YN0000: lib/Socket/messages-send.d.ts
➤ YN0000: lib/Socket/messages-send.d.ts.map
➤ YN0000: lib/Socket/messages-send.js
➤ YN0000: lib/Socket/messages-send.js.map
➤ YN0000: lib/Socket/mex.d.ts
➤ YN0000: lib/Socket/mex.d.ts.map
➤ YN0000: lib/Socket/mex.js
➤ YN0000: lib/Socket/mex.js.map
➤ YN0000: lib/Socket/newsletter.d.ts
➤ YN0000: lib/Socket/newsletter.d.ts.map
➤ YN0000: lib/Socket/newsletter.js
➤ YN0000: lib/Socket/newsletter.js.map
➤ YN0000: lib/Socket/socket.d.ts
➤ YN0000: lib/Socket/socket.d.ts.map
➤ YN0000: lib/Socket/socket.js
➤ YN0000: lib/Socket/socket.js.map
➤ YN0000: lib/Types/Auth.d.ts
➤ YN0000: lib/Types/Auth.d.ts.map
➤ YN0000: lib/Types/Auth.js
➤ YN0000: lib/Types/Auth.js.map
➤ YN0000: lib/Types/Bussines.d.ts
➤ YN0000: lib/Types/Bussines.d.ts.map
➤ YN0000: lib/Types/Bussines.js
➤ YN0000: lib/Types/Bussines.js.map
➤ YN0000: lib/Types/Call.d.ts
➤ YN0000: lib/Types/Call.d.ts.map
➤ YN0000: lib/Types/Call.js
➤ YN0000: lib/Types/Call.js.map
➤ YN0000: lib/Types/Chat.d.ts
➤ YN0000: lib/Types/Chat.d.ts.map
➤ YN0000: lib/Types/Chat.js
➤ YN0000: lib/Types/Chat.js.map
➤ YN0000: lib/Types/Contact.d.ts
➤ YN0000: lib/Types/Contact.d.ts.map
➤ YN0000: lib/Types/Contact.js
➤ YN0000: lib/Types/Contact.js.map
➤ YN0000: lib/Types/Events.d.ts
➤ YN0000: lib/Types/Events.d.ts.map
➤ YN0000: lib/Types/Events.js
➤ YN0000: lib/Types/Events.js.map
➤ YN0000: lib/Types/GroupMetadata.d.ts
➤ YN0000: lib/Types/GroupMetadata.d.ts.map
➤ YN0000: lib/Types/GroupMetadata.js
➤ YN0000: lib/Types/GroupMetadata.js.map
➤ YN0000: lib/Types/Label.d.ts
➤ YN0000: lib/Types/Label.d.ts.map
➤ YN0000: lib/Types/Label.js
➤ YN0000: lib/Types/Label.js.map
➤ YN0000: lib/Types/LabelAssociation.d.ts
➤ YN0000: lib/Types/LabelAssociation.d.ts.map
➤ YN0000: lib/Types/LabelAssociation.js
➤ YN0000: lib/Types/LabelAssociation.js.map
➤ YN0000: lib/Types/Message.d.ts
➤ YN0000: lib/Types/Message.d.ts.map
➤ YN0000: lib/Types/Message.js
➤ YN0000: lib/Types/Message.js.map
➤ YN0000: lib/Types/Mex.d.ts
➤ YN0000: lib/Types/Mex.d.ts.map
➤ YN0000: lib/Types/Mex.js
➤ YN0000: lib/Types/Mex.js.map
➤ YN0000: lib/Types/Product.d.ts
➤ YN0000: lib/Types/Product.d.ts.map
➤ YN0000: lib/Types/Product.js
➤ YN0000: lib/Types/Product.js.map
➤ YN0000: lib/Types/Signal.d.ts
➤ YN0000: lib/Types/Signal.d.ts.map
➤ YN0000: lib/Types/Signal.js
➤ YN0000: lib/Types/Signal.js.map
➤ YN0000: lib/Types/Socket.d.ts
➤ YN0000: lib/Types/Socket.d.ts.map
➤ YN0000: lib/Types/Socket.js
➤ YN0000: lib/Types/Socket.js.map
➤ YN0000: lib/Types/State.d.ts
➤ YN0000: lib/Types/State.d.ts.map
➤ YN0000: lib/Types/State.js
➤ YN0000: lib/Types/State.js.map
➤ YN0000: lib/Types/USync.d.ts
➤ YN0000: lib/Types/USync.d.ts.map
➤ YN0000: lib/Types/USync.js
➤ YN0000: lib/Types/USync.js.map
➤ YN0000: lib/Types/index.d.ts
➤ YN0000: lib/Types/index.d.ts.map
➤ YN0000: lib/Types/index.js
➤ YN0000: lib/Types/index.js.map
➤ YN0000: lib/Utils/auth-utils.d.ts
➤ YN0000: lib/Utils/auth-utils.d.ts.map
➤ YN0000: lib/Utils/auth-utils.js
➤ YN0000: lib/Utils/auth-utils.js.map
➤ YN0000: lib/Utils/browser-utils.d.ts
➤ YN0000: lib/Utils/browser-utils.d.ts.map
➤ YN0000: lib/Utils/browser-utils.js
➤ YN0000: lib/Utils/browser-utils.js.map
➤ YN0000: lib/Utils/business.d.ts
➤ YN0000: lib/Utils/business.d.ts.map
➤ YN0000: lib/Utils/business.js
➤ YN0000: lib/Utils/business.js.map
➤ YN0000: lib/Utils/chat-utils.d.ts
➤ YN0000: lib/Utils/chat-utils.d.ts.map
➤ YN0000: lib/Utils/chat-utils.js
➤ YN0000: lib/Utils/chat-utils.js.map
➤ YN0000: lib/Utils/companion-reg-client-utils.d.ts
➤ YN0000: lib/Utils/companion-reg-client-utils.d.ts.map
➤ YN0000: lib/Utils/companion-reg-client-utils.js
➤ YN0000: lib/Utils/companion-reg-client-utils.js.map
➤ YN0000: lib/Utils/crypto.d.ts
➤ YN0000: lib/Utils/crypto.d.ts.map
➤ YN0000: lib/Utils/crypto.js
➤ YN0000: lib/Utils/crypto.js.map
➤ YN0000: lib/Utils/decode-wa-message.d.ts
➤ YN0000: lib/Utils/decode-wa-message.d.ts.map
➤ YN0000: lib/Utils/decode-wa-message.js
➤ YN0000: lib/Utils/decode-wa-message.js.map
➤ YN0000: lib/Utils/event-buffer.d.ts
➤ YN0000: lib/Utils/event-buffer.d.ts.map
➤ YN0000: lib/Utils/event-buffer.js
➤ YN0000: lib/Utils/event-buffer.js.map
➤ YN0000: lib/Utils/generics.d.ts
➤ YN0000: lib/Utils/generics.d.ts.map
➤ YN0000: lib/Utils/generics.js
➤ YN0000: lib/Utils/generics.js.map
➤ YN0000: lib/Utils/history.d.ts
➤ YN0000: lib/Utils/history.d.ts.map
➤ YN0000: lib/Utils/history.js
➤ YN0000: lib/Utils/history.js.map
➤ YN0000: lib/Utils/identity-change-handler.d.ts
➤ YN0000: lib/Utils/identity-change-handler.d.ts.map
➤ YN0000: lib/Utils/identity-change-handler.js
➤ YN0000: lib/Utils/identity-change-handler.js.map
➤ YN0000: lib/Utils/index.d.ts
➤ YN0000: lib/Utils/index.d.ts.map
➤ YN0000: lib/Utils/index.js
➤ YN0000: lib/Utils/index.js.map
➤ YN0000: lib/Utils/interactive-messages.d.ts
➤ YN0000: lib/Utils/interactive-messages.d.ts.map
➤ YN0000: lib/Utils/interactive-messages.js
➤ YN0000: lib/Utils/interactive-messages.js.map
➤ YN0000: lib/Utils/link-preview.d.ts
➤ YN0000: lib/Utils/link-preview.d.ts.map
➤ YN0000: lib/Utils/link-preview.js
➤ YN0000: lib/Utils/link-preview.js.map
➤ YN0000: lib/Utils/logger.d.ts
➤ YN0000: lib/Utils/logger.d.ts.map
➤ YN0000: lib/Utils/logger.js
➤ YN0000: lib/Utils/logger.js.map
➤ YN0000: lib/Utils/lt-hash.d.ts
➤ YN0000: lib/Utils/lt-hash.d.ts.map
➤ YN0000: lib/Utils/lt-hash.js
➤ YN0000: lib/Utils/lt-hash.js.map
➤ YN0000: lib/Utils/make-mutex.d.ts
➤ YN0000: lib/Utils/make-mutex.d.ts.map
➤ YN0000: lib/Utils/make-mutex.js
➤ YN0000: lib/Utils/make-mutex.js.map
➤ YN0000: lib/Utils/message-retry-manager.d.ts
➤ YN0000: lib/Utils/message-retry-manager.d.ts.map
➤ YN0000: lib/Utils/message-retry-manager.js
➤ YN0000: lib/Utils/message-retry-manager.js.map
➤ YN0000: lib/Utils/messages-media.d.ts
➤ YN0000: lib/Utils/messages-media.d.ts.map
➤ YN0000: lib/Utils/messages-media.js
➤ YN0000: lib/Utils/messages-media.js.map
➤ YN0000: lib/Utils/messages.d.ts
➤ YN0000: lib/Utils/messages.d.ts.map
➤ YN0000: lib/Utils/messages.js
➤ YN0000: lib/Utils/messages.js.map
➤ YN0000: lib/Utils/noise-handler.d.ts
➤ YN0000: lib/Utils/noise-handler.d.ts.map
➤ YN0000: lib/Utils/noise-handler.js
➤ YN0000: lib/Utils/noise-handler.js.map
➤ YN0000: lib/Utils/offline-node-processor.d.ts
➤ YN0000: lib/Utils/offline-node-processor.d.ts.map
➤ YN0000: lib/Utils/offline-node-processor.js
➤ YN0000: lib/Utils/offline-node-processor.js.map
➤ YN0000: lib/Utils/pre-key-manager.d.ts
➤ YN0000: lib/Utils/pre-key-manager.d.ts.map
➤ YN0000: lib/Utils/pre-key-manager.js
➤ YN0000: lib/Utils/pre-key-manager.js.map
➤ YN0000: lib/Utils/process-message.d.ts
➤ YN0000: lib/Utils/process-message.d.ts.map
➤ YN0000: lib/Utils/process-message.js
➤ YN0000: lib/Utils/process-message.js.map
➤ YN0000: lib/Utils/reporting-utils.d.ts
➤ YN0000: lib/Utils/reporting-utils.d.ts.map
➤ YN0000: lib/Utils/reporting-utils.js
➤ YN0000: lib/Utils/reporting-utils.js.map
➤ YN0000: lib/Utils/signal.d.ts
➤ YN0000: lib/Utils/signal.d.ts.map
➤ YN0000: lib/Utils/signal.js
➤ YN0000: lib/Utils/signal.js.map
➤ YN0000: lib/Utils/stanza-ack.d.ts
➤ YN0000: lib/Utils/stanza-ack.d.ts.map
➤ YN0000: lib/Utils/stanza-ack.js
➤ YN0000: lib/Utils/stanza-ack.js.map
➤ YN0000: lib/Utils/sync-action-utils.d.ts
➤ YN0000: lib/Utils/sync-action-utils.d.ts.map
➤ YN0000: lib/Utils/sync-action-utils.js
➤ YN0000: lib/Utils/sync-action-utils.js.map
➤ YN0000: lib/Utils/tc-token-utils.d.ts
➤ YN0000: lib/Utils/tc-token-utils.d.ts.map
➤ YN0000: lib/Utils/tc-token-utils.js
➤ YN0000: lib/Utils/tc-token-utils.js.map
➤ YN0000: lib/Utils/use-multi-file-auth-state.d.ts
➤ YN0000: lib/Utils/use-multi-file-auth-state.d.ts.map
➤ YN0000: lib/Utils/use-multi-file-auth-state.js
➤ YN0000: lib/Utils/use-multi-file-auth-state.js.map
➤ YN0000: lib/Utils/validate-connection.d.ts
➤ YN0000: lib/Utils/validate-connection.d.ts.map
➤ YN0000: lib/Utils/validate-connection.js
➤ YN0000: lib/Utils/validate-connection.js.map
➤ YN0000: lib/WABinary/constants.d.ts
➤ YN0000: lib/WABinary/constants.d.ts.map
➤ YN0000: lib/WABinary/constants.js
➤ YN0000: lib/WABinary/constants.js.map
➤ YN0000: lib/WABinary/decode.d.ts
➤ YN0000: lib/WABinary/decode.d.ts.map
➤ YN0000: lib/WABinary/decode.js
➤ YN0000: lib/WABinary/decode.js.map
➤ YN0000: lib/WABinary/encode.d.ts
➤ YN0000: lib/WABinary/encode.d.ts.map
➤ YN0000: lib/WABinary/encode.js
➤ YN0000: lib/WABinary/encode.js.map
➤ YN0000: lib/WABinary/generic-utils.d.ts
➤ YN0000: lib/WABinary/generic-utils.d.ts.map
➤ YN0000: lib/WABinary/generic-utils.js
➤ YN0000: lib/WABinary/generic-utils.js.map
➤ YN0000: lib/WABinary/index.d.ts
➤ YN0000: lib/WABinary/index.d.ts.map
➤ YN0000: lib/WABinary/index.js
➤ YN0000: lib/WABinary/index.js.map
➤ YN0000: lib/WABinary/jid-utils.d.ts
➤ YN0000: lib/WABinary/jid-utils.d.ts.map
➤ YN0000: lib/WABinary/jid-utils.js
➤ YN0000: lib/WABinary/jid-utils.js.map
➤ YN0000: lib/WABinary/types.d.ts
➤ YN0000: lib/WABinary/types.d.ts.map
➤ YN0000: lib/WABinary/types.js
➤ YN0000: lib/WABinary/types.js.map
➤ YN0000: lib/WAM/BinaryInfo.d.ts
➤ YN0000: lib/WAM/BinaryInfo.d.ts.map
➤ YN0000: lib/WAM/BinaryInfo.js
➤ YN0000: lib/WAM/BinaryInfo.js.map
➤ YN0000: lib/WAM/constants.d.ts
➤ YN0000: lib/WAM/constants.d.ts.map
➤ YN0000: lib/WAM/constants.js
➤ YN0000: lib/WAM/constants.js.map
➤ YN0000: lib/WAM/encode.d.ts
➤ YN0000: lib/WAM/encode.d.ts.map
➤ YN0000: lib/WAM/encode.js
➤ YN0000: lib/WAM/encode.js.map
➤ YN0000: lib/WAM/index.d.ts
➤ YN0000: lib/WAM/index.d.ts.map
➤ YN0000: lib/WAM/index.js
➤ YN0000: lib/WAM/index.js.map
➤ YN0000: lib/WAUSync/Protocols/USyncContactProtocol.d.ts
➤ YN0000: lib/WAUSync/Protocols/USyncContactProtocol.d.ts.map
➤ YN0000: lib/WAUSync/Protocols/USyncContactProtocol.js
➤ YN0000: lib/WAUSync/Protocols/USyncContactProtocol.js.map
➤ YN0000: lib/WAUSync/Protocols/USyncDeviceProtocol.d.ts
➤ YN0000: lib/WAUSync/Protocols/USyncDeviceProtocol.d.ts.map
➤ YN0000: lib/WAUSync/Protocols/USyncDeviceProtocol.js
➤ YN0000: lib/WAUSync/Protocols/USyncDeviceProtocol.js.map
➤ YN0000: lib/WAUSync/Protocols/USyncDisappearingModeProtocol.d.ts
➤ YN0000: lib/WAUSync/Protocols/USyncDisappearingModeProtocol.d.ts.map
➤ YN0000: lib/WAUSync/Protocols/USyncDisappearingModeProtocol.js
➤ YN0000: lib/WAUSync/Protocols/USyncDisappearingModeProtocol.js.map
➤ YN0000: lib/WAUSync/Protocols/USyncStatusProtocol.d.ts
➤ YN0000: lib/WAUSync/Protocols/USyncStatusProtocol.d.ts.map
➤ YN0000: lib/WAUSync/Protocols/USyncStatusProtocol.js
➤ YN0000: lib/WAUSync/Protocols/USyncStatusProtocol.js.map
➤ YN0000: lib/WAUSync/Protocols/USyncUsernameProtocol.d.ts
➤ YN0000: lib/WAUSync/Protocols/USyncUsernameProtocol.d.ts.map
➤ YN0000: lib/WAUSync/Protocols/USyncUsernameProtocol.js
➤ YN0000: lib/WAUSync/Protocols/USyncUsernameProtocol.js.map
➤ YN0000: lib/WAUSync/Protocols/UsyncBotProfileProtocol.d.ts
➤ YN0000: lib/WAUSync/Protocols/UsyncBotProfileProtocol.d.ts.map
➤ YN0000: lib/WAUSync/Protocols/UsyncBotProfileProtocol.js
➤ YN0000: lib/WAUSync/Protocols/UsyncBotProfileProtocol.js.map
➤ YN0000: lib/WAUSync/Protocols/UsyncLIDProtocol.d.ts
➤ YN0000: lib/WAUSync/Protocols/UsyncLIDProtocol.d.ts.map
➤ YN0000: lib/WAUSync/Protocols/UsyncLIDProtocol.js
➤ YN0000: lib/WAUSync/Protocols/UsyncLIDProtocol.js.map
➤ YN0000: lib/WAUSync/Protocols/index.d.ts
➤ YN0000: lib/WAUSync/Protocols/index.d.ts.map
➤ YN0000: lib/WAUSync/Protocols/index.js
➤ YN0000: lib/WAUSync/Protocols/index.js.map
➤ YN0000: lib/WAUSync/USyncQuery.d.ts
➤ YN0000: lib/WAUSync/USyncQuery.d.ts.map
➤ YN0000: lib/WAUSync/USyncQuery.js
➤ YN0000: lib/WAUSync/USyncQuery.js.map
➤ YN0000: lib/WAUSync/USyncUser.d.ts
➤ YN0000: lib/WAUSync/USyncUser.d.ts.map
➤ YN0000: lib/WAUSync/USyncUser.js
➤ YN0000: lib/WAUSync/USyncUser.js.map
➤ YN0000: lib/WAUSync/index.d.ts
➤ YN0000: lib/WAUSync/index.d.ts.map
➤ YN0000: lib/WAUSync/index.js
➤ YN0000: lib/WAUSync/index.js.map
➤ YN0000: lib/index.d.ts
➤ YN0000: lib/index.d.ts.map
➤ YN0000: lib/index.js
➤ YN0000: lib/index.js.map
➤ YN0000: package.json
➤ YN0000: Package archive generated in [review-temporary-directory]/baileys-review.tgz
➤ YN0000: Done in 5s 932ms
